2011-01-13 07:00:00 | ERRO ao decodar o METAR: METAR SBGL 30002KT -RA 9999 FEW025 SCT050 BKN090 26/24 Q1005 | Unparsed groups in body 'FEW025 SCT050 BKN090' while processing 'METAR SBGL 30002KT -RA 9999 FEW025 SCT050 BKN090 26/24 Q1005'
2011-01-21 09:00:00 | ERRO ao decodar o METAR: METAR SBGL 04005KT 9000 FEW015 26/24 Q10009 | Unparsed groups in body 'Q10009' while processing 'METAR SBGL 04005KT 9000 FEW015 26/24 Q10009'
2011-02-01 07:00:00 | ERRO ao decodar o METAR: METAR SBGL 29003KT 9999 SCT015 NKN080 27/22 Q1010 | Unparsed groups in body 'NKN080' while processing 'METAR SBGL 29003KT 9999 SCT015 NKN080 27/22 Q1010'
2011-02-01 18:15:00 | ERRO ao decodar o METAR: SPECI SBGL 14013KT 8000 TS VCSH SCT025 FEW030CB BKN100 30/22 Q10010 | Unparsed groups in body 'Q10010' while processing 'SPECI SBGL 14013KT 8000 TS VCSH SCT025 FEW030CB BKN100 30/22 Q10010'
2011-03-25 10:00:00 | ERRO ao decodar o METAR: METAR SBGL 00000KT 8000 NSC 25/23 Q10113 | Unparsed groups in body 'Q10113' while processing 'METAR SBGL 00000KT 8000 NSC 25/23 Q10113'
2011-03-27 05:00:00 | ERRO ao decodar o METAR: METAR SBGL 33002KT 9000 BK0020 25/22 Q1011 | Unparsed groups in body 'BK0020' while processing 'METAR SBGL 33002KT 9000 BK0020 25/22 Q1011'
2011-04-21 01:00:00 | ERRO ao decodar o METAR: METAR SBGL 15009KT 9999 FEW020 24/20 Q 1016 | Unparsed groups in body 'Q' while processing 'METAR SBGL 15009KT 9999 FEW020 24/20 Q 1016'
2011-05-01 22:00:00 | ERRO ao decodar o METAR: METAR SBGL 15005KT CAVOK 27/221 Q1010 | Unparsed groups in body '27/221' while processing 'METAR SBGL 15005KT CAVOK 27/221 Q1010'
2011-05-24 07:00:00 | ERRO ao decodar o METAR: METAR SBGL 34003KT 8000 NSC 18/15 Q 1017 | Unparsed groups in body 'Q' while processing 'METAR SBGL 34003KT 8000 NSC 18/15 Q 1017'
2011-06-07 01:00:00 | ERRO ao decodar o METAR: METAR SBGL 13006KT CAVOK 17/14 Q 1017 | Unparsed groups in body 'Q' while processing 'METAR SBGL 13006KT CAVOK 17/14 Q 1017'
2011-06-14 21:00:00 | ERRO ao decodar o METAR: METAR SBGL 23011KT 6000 -RA SCT015 BKN040 BKN070 19/16Q1023 | Unparsed groups in body '19/16Q1023' while processing 'METAR SBGL 23011KT 6000 -RA SCT015 BKN040 BKN070 19/16Q1023'
2011-06-16 00:00:00 | ERRO ao decodar o METAR: METAR SBGL 16005KT 9999FEW040 BKN080 19/14 Q1023 | Unparsed groups in body '9999FEW040' while processing 'METAR SBGL 16005KT 9999FEW040 BKN080 19/14 Q1023'
2011-07-02 09:46:00 | ERRO ao decodar o METAR: SPECI SBGL 01003KT 3000 BR BKN020 20/18 Q 1018 | Unparsed groups in body 'Q' while processing 'SPECI SBGL 01003KT 3000 BR BKN020 20/18 Q 1018'
2011-07-02 10:00:00 | ERRO ao decodar o METAR: METAR SBGL 00000KT 3000 BR BKN020 20/18 Q 1018 | Unparsed groups in body 'Q' while processing 'METAR SBGL 00000KT 3000 BR BKN020 20/18 Q 1018'
2011-07-02 11:00:00 | ERRO ao decodar o METAR: METAR SBGL 04003KT 3000 BR BKN020 20/19 Q 1019 | Unparsed groups in body 'Q' while processing 'METAR SBGL 04003KT 3000 BR BKN020 20/19 Q 1019'
2011-07-03 07:00:00 | ERRO ao decodar o METAR: METAR SBGL 06005KT 1500 0500E R10/1700 R15/P2000 R/281900 R/33P2000 BR SCT001 19/18 Q1015 | Unparsed groups in body 'R/281900 R/33P2000' while processing 'METAR SBGL 06005KT 1500 0500E R10/1700 R15/P2000 R/281900 R/33P2000 BR SCT001 19/18 Q1015'
2011-07-03 07:36:00 | ERRO ao decodar o METAR: SPECI SBGL 11002KT 0900 R10/P2000 R15/P1800 R28/P2000 R/33P1000 FG VV001 19/18 Q1015 | Unparsed groups in body 'R/33P1000' while processing 'SPECI SBGL 11002KT 0900 R10/P2000 R15/P1800 R28/P2000 R/33P1000 FG VV001 19/18 Q1015'
2011-07-16 09:16:00 | ERRO ao decodar o METAR: SPECI SBGL 00000KT 0100 FG OVC002 R10/0400 R15/0400 R28/1800 R33/0400 17/17 Q1017 | Unparsed groups in body 'R10/0400 R15/0400 R28/1800 R33/0400' while processing 'SPECI SBGL 00000KT 0100 FG OVC002 R10/0400 R15/0400 R28/1800 R33/0400 17/17 Q1017'
2011-07-16 09:30:00 | ERRO ao decodar o METAR: SPECI SBGL 00000KT 0100 FG OVC001 R10/0400 R15/0400 R28/0600 R33/0400 17/17 Q1017 | Unparsed groups in body 'R10/0400 R15/0400 R28/0600 R33/0400' while processing 'SPECI SBGL 00000KT 0100 FG OVC001 R10/0400 R15/0400 R28/0600 R33/0400 17/17 Q1017'
2011-08-08 06:00:00 | ERRO ao decodar o METAR: METAR SBGL 06002KT 1500 R10/P2000 R15/P2000 R28/1100 R33/1800BR NSC 19/17 Q1016 | Unparsed groups in body 'R33/1800BR' while processing 'METAR SBGL 06002KT 1500 R10/P2000 R15/P2000 R28/1100 R33/1800BR NSC 19/17 Q1016'
2011-08-08 06:23:00 | ERRO ao decodar o METAR: SPECI SBGL 00000KT 0800 R10/0350 R15/P2000 R28/0900 R33/1600FG NSC 19/18 Q1016 | Unparsed groups in body 'R33/1600FG' while processing 'SPECI SBGL 00000KT 0800 R10/0350 R15/P2000 R28/0900 R33/1600FG NSC 19/18 Q1016'
2011-08-10 19:00:00 | ERRO ao decodar o METAR: METAR SBGL 15009KT 4000 -RA BR FREW005 BKN012 BKN080 20/19 Q1019 | Unparsed groups in body 'FREW005' while processing 'METAR SBGL 15009KT 4000 -RA BR FREW005 BKN012 BKN080 20/19 Q1019'
2011-08-20 10:00:00 | ERRO ao decodar o METAR: METAR SBGL 24009KT 9000 NSC 26//12 Q1009 | Unparsed groups in body '26//12' while processing 'METAR SBGL 24009KT 9000 NSC 26//12 Q1009'
2011-08-20 11:00:00 | ERRO ao decodar o METAR: METAR SBGL 24012KT 9000 NSC 26//15 Q1011 | Unparsed groups in body '26//15' while processing 'METAR SBGL 24012KT 9000 NSC 26//15 Q1011'
2011-08-23 04:00:00 | ERRO ao decodar o METAR: METAR SBGL 1206KT 9999 BKN010 BKN070 18/16 Q1022 | Unparsed groups in body '1206KT' while processing 'METAR SBGL 1206KT 9999 BKN010 BKN070 18/16 Q1022'
2011-08-28 22:00:00 | ERRO ao decodar o METAR: METAR SBGL 160KT CAVOK 25/18 Q1014 | Unparsed groups in body '160KT' while processing 'METAR SBGL 160KT CAVOK 25/18 Q1014'
2011-09-12 06:00:00 | ERRO ao decodar o METAR: METAR SBGL 12060Z 24004KT 8000 -RA BKN016 BKN030 20/17 Q1022 | Unparsed groups in body '12060Z' while processing 'METAR SBGL 12060Z 24004KT 8000 -RA BKN016 BKN030 20/17 Q1022'
2011-10-03 19:30:00 | ERRO ao decodar o METAR: SPECI SBGL 031930Z 29005KT 3500 -RA BR BKN012 BKN040 OVC070 22/18 Q10 15 | Unparsed groups in body 'Q10 15' while processing 'SPECI SBGL 031930Z 29005KT 3500 -RA BR BKN012 BKN040 OVC070 22/18 Q10 15'
2011-10-06 13:00:00 | ERRO ao decodar o METAR: METAR SBGL 03004KT CAVOK 29 /19 Q1016 | Unparsed groups in body '29 /19' while processing 'METAR SBGL 03004KT CAVOK 29 /19 Q1016'
2011-10-11 10:00:00 | ERRO ao decodar o METAR: METAR SBGL 33007KT 7000 -RA FEW010 SCT030 BKN080 22/20 Q1013RERA | Unparsed groups in body 'Q1013RERA' while processing 'METAR SBGL 33007KT 7000 -RA FEW010 SCT030 BKN080 22/20 Q1013RERA'
2011-10-14 15:00:00 | ERRO ao decodar o METAR: METAR SBGL 33016KT 9999 FEW025 B100 33/19 Q1005 | Unparsed groups in body 'B100' while processing 'METAR SBGL 33016KT 9999 FEW025 B100 33/19 Q1005'
2011-10-15 18:29:00 | ERRO ao decodar o METAR: SPECI SBGL 151829Z 17007KT 1500 10/P2000 15/1500 28/P2000 33/1700 BR BKN008 BKN020 OVC080 22/20 Q1007 | Unparsed groups in body '10/P2000 15/1500 28/P2000 33/1700' while processing 'SPECI SBGL 151829Z 17007KT 1500 10/P2000 15/1500 28/P2000 33/1700 BR BKN008 BKN020 OVC080 22/20 Q1007'
2011-10-15 19:00:00 | ERRO ao decodar o METAR: METAR SBGL 22008KT 1500 10/P2000 15/P2000 28/P2000 33/1800 -RA BR BKN004 BKN020 OVC070 22/20 Q1007 | Unparsed groups in body '10/P2000 15/P2000 28/P2000 33/1800' while processing 'METAR SBGL 22008KT 1500 10/P2000 15/P2000 28/P2000 33/1800 -RA BR BKN004 BKN020 OVC070 22/20 Q1007'
2011-10-15 23:33:00 | ERRO ao decodar o METAR: SPECI SBGL 152333Z 30006KT 2500 RA BR SCT003 BKN007 OVC012 19/17 Q101 1 | Unparsed groups in body '1' while processing 'SPECI SBGL 152333Z 30006KT 2500 RA BR SCT003 BKN007 OVC012 19/17 Q101 1'
2011-10-16 14:00:00 | ERRO ao decodar o METAR: METAR SBGL 26004KT 4500 HZ SCT009 BKN013 BKN019 23/18Q1007 | Unparsed groups in body '23/18Q1007' while processing 'METAR SBGL 26004KT 4500 HZ SCT009 BKN013 BKN019 23/18Q1007'
2011-10-16 16:00:00 | ERRO ao decodar o METAR: METAR SBGL 18007KT 4000 HZ FEW010 BKN015 BKN023 23/18Q1007 | Unparsed groups in body '23/18Q1007' while processing 'METAR SBGL 18007KT 4000 HZ FEW010 BKN015 BKN023 23/18Q1007'
2011-10-16 20:00:00 | ERRO ao decodar o METAR: METAR SBGL 24004KT 4500 -RA BKN006 BKN030 OVC080 20/19Q1006 | Unparsed groups in body '20/19Q1006' while processing 'METAR SBGL 24004KT 4500 -RA BKN006 BKN030 OVC080 20/19Q1006'
2011-10-16 21:00:00 | ERRO ao decodar o METAR: METAR SBGL 26004KT 3000 -RA BR BKN006 BKN020 OVC080 20/19Q1007 | Unparsed groups in body '20/19Q1007' while processing 'METAR SBGL 26004KT 3000 -RA BR BKN006 BKN020 OVC080 20/19Q1007'
2011-10-19 14:20:00 | ERRO ao decodar o METAR: SPECI SBGL 191420Z 18008KT 4500 -RA BR FEW010 BKN015 BKN040 20/16 Q10 22 | Unparsed groups in body 'Q10 22' while processing 'SPECI SBGL 191420Z 18008KT 4500 -RA BR FEW010 BKN015 BKN040 20/16 Q10 22'
2011-10-19 15:00:00 | ERRO ao decodar o METAR: METAR SBGL 18007KT 9000 4500SE FEW010 SCT015 BKN040 20/16Q1022 | Unparsed groups in body '20/16Q1022' while processing 'METAR SBGL 18007KT 9000 4500SE FEW010 SCT015 BKN040 20/16Q1022'
2011-10-19 16:00:00 | ERRO ao decodar o METAR: METAR SBGL 17011KT 4000 -RA BR FEW010 SCT015 BKN025 19/16Q1021 | Unparsed groups in body '19/16Q1021' while processing 'METAR SBGL 17011KT 4000 -RA BR FEW010 SCT015 BKN025 19/16Q1021'
2011-10-30 05:25:00 | ERRO ao decodar o METAR: SPECI SBGL 300525Z 23020KT 2000 TSRA BKN010 FEW025CB BKN030 23/18 Q10 10 | Unparsed groups in body 'Q10 10' while processing 'SPECI SBGL 300525Z 23020KT 2000 TSRA BKN010 FEW025CB BKN030 23/18 Q10 10'
2011-11-13 23:25:00 | ERRO ao decodar o METAR: SPECI SBGL 132325Z 16008KT 2500 TSRA BKN005 BKN017 FEW020CB BKN030 22 /21 Q1014 | Unparsed groups in body '22 /21' while processing 'SPECI SBGL 132325Z 16008KT 2500 TSRA BKN005 BKN017 FEW020CB BKN030 22 /21 Q1014'
2011-11-14 02:00:00 | ERRO ao decodar o METAR: METAR SBGL 12007KT 5000 -RA SCT007 BKN017 OVC100 22/21 Q1014RETS | Unparsed groups in body 'Q1014RETS' while processing 'METAR SBGL 12007KT 5000 -RA SCT007 BKN017 OVC100 22/21 Q1014RETS'
2011-11-14 09:00:00 | ERRO ao decodar o METAR: METAR SBGL 01009KT 4000 TSRA BR BKN004 BKN030 FEW035CB OVC08022/21 Q1011 | Unparsed groups in body 'OVC08022/21' while processing 'METAR SBGL 01009KT 4000 TSRA BR BKN004 BKN030 FEW035CB OVC08022/21 Q1011'
2011-11-14 10:00:00 | ERRO ao decodar o METAR: METAR SBGL 05005KT 9999 BKN004 BKN030 OVC080 22/22 Q1011RETSRA | Unparsed groups in body 'Q1011RETSRA' while processing 'METAR SBGL 05005KT 9999 BKN004 BKN030 OVC080 22/22 Q1011RETSRA'
2011-11-15 09:00:00 | ERRO ao decodar o METAR: METAR SBGL 13005KT 9000 -RA FEW020 SCT050 OVC100 23/21 Q1005RERA | Unparsed groups in body 'Q1005RERA' while processing 'METAR SBGL 13005KT 9000 -RA FEW020 SCT050 OVC100 23/21 Q1005RERA'
2011-11-16 11:00:00 | ERRO ao decodar o METAR: METAR SBGL 21006KT 5000 -RA BKN007 BKN019 OVC080 22/20 Q1009RERA | Unparsed groups in body 'Q1009RERA' while processing 'METAR SBGL 21006KT 5000 -RA BKN007 BKN019 OVC080 22/20 Q1009RERA'
2011-11-16 14:00:00 | ERRO ao decodar o METAR: METAR SBGL 16008KT 9999 BKN017 BKN020 FEW023TCU BKN080 24/18Q1011 | Unparsed groups in body '24/18Q1011' while processing 'METAR SBGL 16008KT 9999 BKN017 BKN020 FEW023TCU BKN080 24/18Q1011'
2011-11-22 22:30:00 | ERRO ao decodar o METAR: SPECI SBGL 222230Z 29023KT 0800 R10/0800 R15/0800 R28/1500 R33/1500 T SRA BKN006 FEW010CB BKN080 25/22 Q1007 | Unparsed groups in body 'T SRA' while processing 'SPECI SBGL 222230Z 29023KT 0800 R10/0800 R15/0800 R28/1500 R33/1500 T SRA BKN006 FEW010CB BKN080 25/22 Q1007'
2011-11-23 06:00:00 | ERRO ao decodar o METAR: METAR SBGL 27007KT 2500 -RA FEW004 BKN015 BKN100 22/21 Q1006RERA | Unparsed groups in body 'Q1006RERA' while processing 'METAR SBGL 27007KT 2500 -RA FEW004 BKN015 BKN100 22/21 Q1006RERA'
2011-11-23 13:15:00 | ERRO ao decodar o METAR: SPECI SBGL 231315Z 23011KT 1500 R10/1000D RA BR BKN006 OVC015 23/21 Q 1010 | Unparsed groups in body 'Q' while processing 'SPECI SBGL 231315Z 23011KT 1500 R10/1000D RA BR BKN006 OVC015 23/21 Q 1010'
2011-12-01 18:00:00 | ERRO ao decodar o METAR: METAR SBGL 20020KT 9999 4000N VCSH SCT040 FEW040TCU 30/17Q1006 | Unparsed groups in body '30/17Q1006' while processing 'METAR SBGL 20020KT 9999 4000N VCSH SCT040 FEW040TCU 30/17Q1006'
2011-12-01 19:00:00 | ERRO ao decodar o METAR: METAR SBGL 22030KT 8000 -TSRA BKN025 FEW030CB BKN070 27/19Q1008 | Unparsed groups in body '27/19Q1008' while processing 'METAR SBGL 22030KT 8000 -TSRA BKN025 FEW030CB BKN070 27/19Q1008'
2011-12-01 20:00:00 | ERRO ao decodar o METAR: METAR SBGL 22018KT 9000 VCSH BKN025 FEW030TCU BKN070 25/19Q1009 RETS | Unparsed groups in body '25/19Q1009' while processing 'METAR SBGL 22018KT 9000 VCSH BKN025 FEW030TCU BKN070 25/19Q1009 RETS'
2011-12-07 23:00:00 | ERRO ao decodar o METAR: METAR SBGL 09007KT 9999 -TSRA FEW015 SCT023 FEW025CB BKN08025/22 Q1012 | Unparsed groups in body 'BKN08025/22' while processing 'METAR SBGL 09007KT 9999 -TSRA FEW015 SCT023 FEW025CB BKN08025/22 Q1012'
2011-12-08 00:00:00 | ERRO ao decodar o METAR: METAR SBGL 11007KT 9999 -TSRA SCT015 FEW025CB BKN100 24/22Q1012 | Unparsed groups in body '24/22Q1012' while processing 'METAR SBGL 11007KT 9999 -TSRA SCT015 FEW025CB BKN100 24/22Q1012'
2011-12-08 02:00:00 | ERRO ao decodar o METAR: METAR SBGL 28004KT 9999 -RA BKN010 BKN017 BKN100 24/22 Q1012RERA | Unparsed groups in body 'Q1012RERA' while processing 'METAR SBGL 28004KT 9999 -RA BKN010 BKN017 BKN100 24/22 Q1012RERA'
2011-12-08 17:00:00 | ERRO ao decodar o METAR: METAR SBGL 13011KT 9999 -TSRA SCT025 FEW030CB SCT080 29/20Q1008 | Unparsed groups in body '29/20Q1008' while processing 'METAR SBGL 13011KT 9999 -TSRA SCT025 FEW030CB SCT080 29/20Q1008'
2011-12-08 18:00:00 | ERRO ao decodar o METAR: METAR SBGL 31017KT 9999 TS SCT025 FEW030CB SCT050 BKN10027/21 Q1008 | Unparsed groups in body 'BKN10027/21' while processing 'METAR SBGL 31017KT 9999 TS SCT025 FEW030CB SCT050 BKN10027/21 Q1008'
2011-12-08 20:00:00 | ERRO ao decodar o METAR: METAR SBGL 30006KT 9999 FEW025 FEW030TCU SCT040 BKN080 26/22Q1009 RETS | Unparsed groups in body '26/22Q1009' while processing 'METAR SBGL 30006KT 9999 FEW025 FEW030TCU SCT040 BKN080 26/22Q1009 RETS'
2011-12-09 11:00:00 | ERRO ao decodar o METAR: METAR SBGL Z | Unparsed groups in body 'Z' while processing 'METAR SBGL Z'
2011-12-09 14:00:00 | ERRO ao decodar o METAR: METAR SBGL 04005KT 3500 -RA BR BKN012 BKN020 BKN070 25/23Q1009 | Unparsed groups in body '25/23Q1009' while processing 'METAR SBGL 04005KT 3500 -RA BR BKN012 BKN020 BKN070 25/23Q1009'
2011-12-09 15:00:00 | ERRO ao decodar o METAR: METAR SBGL 02005KT 3500 -RA BR BKN012 BKN020 BKN070 26/23Q1008 | Unparsed groups in body '26/23Q1008' while processing 'METAR SBGL 02005KT 3500 -RA BR BKN012 BKN020 BKN070 26/23Q1008'
2011-12-10 08:00:00 | ERRO ao decodar o METAR: METAR SBGL 27004KT 4500 -RA BR FEW005 SCT009 BKN030 23/22Q1004 | Unparsed groups in body '23/22Q1004' while processing 'METAR SBGL 27004KT 4500 -RA BR FEW005 SCT009 BKN030 23/22Q1004'
2011-12-11 12:00:00 | ERRO ao decodar o METAR: METAR SBGL 28006KT 9999 FEW019 BKN023 FEW025TCU BKN050 24/19Q1011 | Unparsed groups in body '24/19Q1011' while processing 'METAR SBGL 28006KT 9999 FEW019 BKN023 FEW025TCU BKN050 24/19Q1011'
2011-12-14 20:00:00 | ERRO ao decodar o METAR: METAR SBGL 19008KT 8000 -TSRA SCT025 FEW030CB SCT100 28/21Q1005 | Unparsed groups in body '28/21Q1005' while processing 'METAR SBGL 19008KT 8000 -TSRA SCT025 FEW030CB SCT100 28/21Q1005'
2011-12-16 17:00:00 | ERRO ao decodar o METAR: METAR SBGL 24017KT 6000 2800E -TSRA SCT010 FEW025CB BKN03025/23 Q1007 | Unparsed groups in body 'BKN03025/23' while processing 'METAR SBGL 24017KT 6000 2800E -TSRA SCT010 FEW025CB BKN03025/23 Q1007'
2011-12-16 18:00:00 | ERRO ao decodar o METAR: METAR SBGL 14010KT 6000 -RA SCT010 BKN020 BKN070 26/23 Q1006RETSRA | Unparsed groups in body 'Q1006RETSRA' while processing 'METAR SBGL 14010KT 6000 -RA SCT010 BKN020 BKN070 26/23 Q1006RETSRA'
2011-12-16 21:00:00 | ERRO ao decodar o METAR: METAR SBGL 10009KT 9999 VCSH FEW030 FEW033TCU SCT100 26/21Q1007 | Unparsed groups in body '26/21Q1007' while processing 'METAR SBGL 10009KT 9999 VCSH FEW030 FEW033TCU SCT100 26/21Q1007'
2011-12-16 22:00:00 | ERRO ao decodar o METAR: METAR SBGL 01005KT 9999 TS VCSH SCT030 FEW033CB SCT100 25/22Q1008 | Unparsed groups in body '25/22Q1008' while processing 'METAR SBGL 01005KT 9999 TS VCSH SCT030 FEW033CB SCT100 25/22Q1008'
2011-12-16 23:00:00 | ERRO ao decodar o METAR: METAR SBGL 02005KT 9999 TS VCSH FEW015 SCT030 FEW033CB BKN10025/23 Q1009 | Unparsed groups in body 'BKN10025/23' while processing 'METAR SBGL 02005KT 9999 TS VCSH FEW015 SCT030 FEW033CB BKN10025/23 Q1009'
2011-12-18 00:00:00 | ERRO ao decodar o METAR: METAR SBGL 33008KT 9000 -TSRA SCT020 FEW030CB BKN050 24/22Q1010 | Unparsed groups in body '24/22Q1010' while processing 'METAR SBGL 33008KT 9000 -TSRA SCT020 FEW030CB BKN050 24/22Q1010'
2011-12-19 02:00:00 | ERRO ao decodar o METAR: METAR SBGL 24012KT 3000 RA BR BKN012 BKN020 OVC080 23/21Q1011 | Unparsed groups in body '23/21Q1011' while processing 'METAR SBGL 24012KT 3000 RA BR BKN012 BKN020 OVC080 23/21Q1011'
2011-12-19 03:00:00 | ERRO ao decodar o METAR: METAR SBGL 31014KT 8000 -RA BKN007 BKN020 OVC080 23/21 Q1012RERA | Unparsed groups in body 'Q1012RERA' while processing 'METAR SBGL 31014KT 8000 -RA BKN007 BKN020 OVC080 23/21 Q1012RERA'
2011-12-19 04:00:00 | ERRO ao decodar o METAR: METAR SBGL 27007KT 2500 RA BR SCT007 BKN012 OVC070 22/21Q1010 | Unparsed groups in body '22/21Q1010' while processing 'METAR SBGL 27007KT 2500 RA BR SCT007 BKN012 OVC070 22/21Q1010'
2011-12-19 05:00:00 | ERRO ao decodar o METAR: METAR SBGL 34007KT 6000 -RA BKN004 BKN012 OVC070 22/21 Q1009RERA | Unparsed groups in body 'Q1009RERA' while processing 'METAR SBGL 34007KT 6000 -RA BKN004 BKN012 OVC070 22/21 Q1009RERA'
2011-12-19 19:00:00 | ERRO ao decodar o METAR: METAR SBGL 04007KT 9999 VCTS SCT020 FEW025CB BKN100 29/21Q1007 | Unparsed groups in body '29/21Q1007' while processing 'METAR SBGL 04007KT 9999 VCTS SCT020 FEW025CB BKN100 29/21Q1007'
2011-12-19 20:00:00 | ERRO ao decodar o METAR: METAR SBGL 20012KT 9000 -TSRA FEW008 FEW040CB BKN050 26/20Q1008 | Unparsed groups in body '26/20Q1008' while processing 'METAR SBGL 20012KT 9000 -TSRA FEW008 FEW040CB BKN050 26/20Q1008'
2011-12-19 21:00:00 | ERRO ao decodar o METAR: METAR SBGL 31003KT 9999 -TSRA FEW008 FEW040CB SCT050 BKN10025/22 Q1008 | Unparsed groups in body 'BKN10025/22' while processing 'METAR SBGL 31003KT 9999 -TSRA FEW008 FEW040CB SCT050 BKN10025/22 Q1008'
2011-12-20 21:00:00 | ERRO ao decodar o METAR: METAR SBGL 12004KT 9999 VCTS SCT020 FEW025CB BKN100 30/19Q1009 RETS | Unparsed groups in body '30/19Q1009' while processing 'METAR SBGL 12004KT 9999 VCTS SCT020 FEW025CB BKN100 30/19Q1009 RETS'
2011-12-26 03:00:00 | ERRO ao decodar o METAR: METAR SBGL 30006KT 3000 -RA BR BKN010 BKN050 OVC070 23/22Q1015 RERA | Unparsed groups in body '23/22Q1015' while processing 'METAR SBGL 30006KT 3000 -RA BR BKN010 BKN050 OVC070 23/22Q1015 RERA'
2011-12-26 04:00:00 | ERRO ao decodar o METAR: METAR SBGL 02004KT 2500 RA BR BKN010 BKN050 OVC070 23/22Q1015 | Unparsed groups in body '23/22Q1015' while processing 'METAR SBGL 02004KT 2500 RA BR BKN010 BKN050 OVC070 23/22Q1015'
2011-12-26 08:00:00 | ERRO ao decodar o METAR: METAR SBGL 26005KT 4000 -RA BR FEW005 BKN020 OVC070 23/22Q1014 | Unparsed groups in body '23/22Q1014' while processing 'METAR SBGL 26005KT 4000 -RA BR FEW005 BKN020 OVC070 23/22Q1014'
2011-12-26 15:00:00 | ERRO ao decodar o METAR: METAR SBGL 29004KT 3500 -RA BR BKN006 BKN030 OVC070 23/22Q1016 RERA | Unparsed groups in body '23/22Q1016' while processing 'METAR SBGL 29004KT 3500 -RA BR BKN006 BKN030 OVC070 23/22Q1016 RERA'
2011-12-26 16:00:00 | ERRO ao decodar o METAR: METAR SBGL 33005KT 3500 -RA BR BKN006 BKN030 OVC070 24/22Q1016 | Unparsed groups in body '24/22Q1016' while processing 'METAR SBGL 33005KT 3500 -RA BR BKN006 BKN030 OVC070 24/22Q1016'
2011-12-26 17:00:00 | ERRO ao decodar o METAR: METAR SBGL 30004KT 3500 -RA BR BKN006 BKN015 OVC070 23/22Q1016 RERA | Unparsed groups in body '23/22Q1016' while processing 'METAR SBGL 30004KT 3500 -RA BR BKN006 BKN015 OVC070 23/22Q1016 RERA'
2011-12-26 18:00:00 | ERRO ao decodar o METAR: METAR SBGL 27008KT 3500 -RA BR BKN007 BKN010 OVC070 23/23Q1016 | Unparsed groups in body '23/23Q1016' while processing 'METAR SBGL 27008KT 3500 -RA BR BKN007 BKN010 OVC070 23/23Q1016'
2011-12-27 21:00:00 | ERRO ao decodar o METAR: METAR SBGL 13008KT 8000 VCSH BKN023 FEW025TCU BKN070 24/21Q1014 | Unparsed groups in body '24/21Q1014' while processing 'METAR SBGL 13008KT 8000 VCSH BKN023 FEW025TCU BKN070 24/21Q1014'
2011-12-27 22:00:00 | ERRO ao decodar o METAR: METAR SBGL 29005KT 8000 VCSH BKN023 FEW025TCU BKN070 24/21Q1014 | Unparsed groups in body '24/21Q1014' while processing 'METAR SBGL 29005KT 8000 VCSH BKN023 FEW025TCU BKN070 24/21Q1014'
2011-12-27 23:00:00 | ERRO ao decodar o METAR: METAR SBGL 11006KT 8000 VCSH FEW017 BKN023 FEW025TCU BKN07024/20 Q1014 | Unparsed groups in body 'BKN07024/20' while processing 'METAR SBGL 11006KT 8000 VCSH FEW017 BKN023 FEW025TCU BKN07024/20 Q1014'
2011-12-28 00:00:00 | ERRO ao decodar o METAR: METAR SBGL 36004KT 8000 VCSH FEW013 BKN023 FEW025TCU BKN07023/21 Q1014 | Unparsed groups in body 'BKN07023/21' while processing 'METAR SBGL 36004KT 8000 VCSH FEW013 BKN023 FEW025TCU BKN07023/21 Q1014'
2011-12-28 04:00:00 | ERRO ao decodar o METAR: METAR SBGL 07004KT 7000 -RA SCT006 BKN013 BKN070 22/20 Q1013RERA | Unparsed groups in body 'Q1013RERA' while processing 'METAR SBGL 07004KT 7000 -RA SCT006 BKN013 BKN070 22/20 Q1013RERA'
2011-12-28 22:00:00 | ERRO ao decodar o METAR: METAR SBGL 13008KT 4500 -RA BR FEW010 BKN015 BKN030 23/20Q1014 | Unparsed groups in body '23/20Q1014' while processing 'METAR SBGL 13008KT 4500 -RA BR FEW010 BKN015 BKN030 23/20Q1014'
2011-12-29 16:00:00 | ERRO ao decodar o METAR: METAR SBGL 15005KT 3000 -RA BR SCT010 BKN020 OVC070 22/19Q1013 | Unparsed groups in body '22/19Q1013' while processing 'METAR SBGL 15005KT 3000 -RA BR SCT010 BKN020 OVC070 22/19Q1013'
2012-01-10 22:00:00 | ERRO ao decodar o METAR: METAR SBGL 102200Z 25012KT 8000 95 SCT020 FEW025CB BKN050 25/22 Q1016 | Unparsed groups in body '95' while processing 'METAR SBGL 102200Z 25012KT 8000 95 SCT020 FEW025CB BKN050 25/22 Q1016'
2012-02-10 20:20:00 | ERRO ao decodar o METAR: SPECI SBGL 102020Z 12015KT 3500 -TSRA BKN008 FEW025CB BKN030 24/21 Q1 008 | Unparsed groups in body 'Q1' while processing 'SPECI SBGL 102020Z 12015KT 3500 -TSRA BKN008 FEW025CB BKN030 24/21 Q1 008'
2012-02-10 20:35:00 | ERRO ao decodar o METAR: SPECI SBGL 102035Z 10008KT 6000 -TSRA SCT017 FEW020CB BKN100 25/21 Q1 007 RERA | Unparsed groups in body 'Q1' while processing 'SPECI SBGL 102035Z 10008KT 6000 -TSRA SCT017 FEW020CB BKN100 25/21 Q1 007 RERA'
2012-02-10 21:00:00 | ERRO ao decodar o METAR: METAR SBGL 102100Z 30007KT 7000 VCTS VCSH SCT017 FEW020CB BKN100 25/2 0 Q1007 RERA | Unparsed groups in body '0' while processing 'METAR SBGL 102100Z 30007KT 7000 VCTS VCSH SCT017 FEW020CB BKN100 25/2 0 Q1007 RERA'
2012-02-11 03:25:00 | ERRO ao decodar o METAR: SPECI SBGL 110325Z 22012KT 2500 TSRA BKN020 FEW030CB BKN050 BKN100 24 /22 Q1010 | Unparsed groups in body '24 /22' while processing 'SPECI SBGL 110325Z 22012KT 2500 TSRA BKN020 FEW030CB BKN050 BKN100 24 /22 Q1010'
2012-02-11 04:00:00 | ERRO ao decodar o METAR: METAR SBGL 110400Z 23006KT 5000 -TSRA SCT020 FEW030CB BKN050 BKN100 2 4/23 Q1010 RERA | Unparsed groups in body '2' while processing 'METAR SBGL 110400Z 23006KT 5000 -TSRA SCT020 FEW030CB BKN050 BKN100 2 4/23 Q1010 RERA'
2012-02-11 23:00:00 | ERRO ao decodar o METAR: METAR SBGL 112300Z 35012KT 9999 VCTS FEW025CB SCT040 BKN100 26/22 Q10 10 | Unparsed groups in body 'Q10 10' while processing 'METAR SBGL 112300Z 35012KT 9999 VCTS FEW025CB SCT040 BKN100 26/22 Q10 10'
2012-02-12 00:00:00 | ERRO ao decodar o METAR: METAR SBGL 120000Z 33008KT 9999 -RA FEW010 FEW025TCU BKN100 26/22 Q10 11 | Unparsed groups in body 'Q10 11' while processing 'METAR SBGL 120000Z 33008KT 9999 -RA FEW010 FEW025TCU BKN100 26/22 Q10 11'
2012-02-12 09:00:00 | ERRO ao decodar o METAR: METAR SBGL 120900Z 06006KT 4000 -RA BR FEW005 SCT010 BKN080 23/23 Q10 10 | Unparsed groups in body 'Q10 10' while processing 'METAR SBGL 120900Z 06006KT 4000 -RA BR FEW005 SCT010 BKN080 23/23 Q10 10'
2012-02-12 22:00:00 | ERRO ao decodar o METAR: METAR SBGL 122200Z 33010KT 2000 +TSRA BKN010 FEW025CB OVC030 23/22 Q1 013 | Unparsed groups in body 'Q1' while processing 'METAR SBGL 122200Z 33010KT 2000 +TSRA BKN010 FEW025CB OVC030 23/22 Q1 013'
2012-02-12 22:13:00 | ERRO ao decodar o METAR: SPECI SBGL 122213Z 28007KT 3500 -TSRA BKN010 FEW025CB OVC030 23/22 Q1 012 | Unparsed groups in body 'Q1' while processing 'SPECI SBGL 122213Z 28007KT 3500 -TSRA BKN010 FEW025CB OVC030 23/22 Q1 012'
2012-02-12 22:40:00 | ERRO ao decodar o METAR: SPECI SBGL 122240Z 28007KT 6000 -TSRA SCT010 FEW025CB BKN030 23/22 Q1 013 | Unparsed groups in body 'Q1' while processing 'SPECI SBGL 122240Z 28007KT 6000 -TSRA SCT010 FEW025CB BKN030 23/22 Q1 013'
2012-02-14 19:25:00 | ERRO ao decodar o METAR: SPECI SBGL 141925Z 13017G27KT 9999 TS VCSH SCT030 FEW040CB 30/21 Q101 4 | Unparsed groups in body '4' while processing 'SPECI SBGL 141925Z 13017G27KT 9999 TS VCSH SCT030 FEW040CB 30/21 Q101 4'
2012-03-11 21:00:00 | ERRO ao decodar o METAR: METAR SBGL 112100Z 09009KT 9999 -RA FEW030TCU SCT040 BKN100 28/18 Q10 13 | Unparsed groups in body 'Q10 13' while processing 'METAR SBGL 112100Z 09009KT 9999 -RA FEW030TCU SCT040 BKN100 28/18 Q10 13'
2012-03-11 22:00:00 | ERRO ao decodar o METAR: METAR SBGL 112200Z 04004KT 9999 -RA FEW030TCU BKN040 BKN100 26/20 Q10 14 | Unparsed groups in body 'Q10 14' while processing 'METAR SBGL 112200Z 04004KT 9999 -RA FEW030TCU BKN040 BKN100 26/20 Q10 14'
2012-03-16 10:00:00 | ERRO ao decodar o METAR: METAR SBGL 161000Z 26005KT 4500 -RA BR BKN007 BKN025 OVC070 24/22 Q10 13 | Unparsed groups in body 'Q10 13' while processing 'METAR SBGL 161000Z 26005KT 4500 -RA BR BKN007 BKN025 OVC070 24/22 Q10 13'
2012-03-16 20:00:00 | ERRO ao decodar o METAR: METAR SBGL 162000Z 23007KT 9999 4000NW VCSH FEW010 SCT025 BKN040 24/2 1 Q1014 | Unparsed groups in body '1' while processing 'METAR SBGL 162000Z 23007KT 9999 4000NW VCSH FEW010 SCT025 BKN040 24/2 1 Q1014'
2012-03-29 07:00:00 | ERRO ao decodar o METAR: METAR SBGL 290700 2907000Z 30006KT 9999 BKN006 BKN030 21/20 Q1017 | Unparsed groups in body '2907000Z' while processing 'METAR SBGL 290700 2907000Z 30006KT 9999 BKN006 BKN030 21/20 Q1017'
2012-03-29 08:00:00 | ERRO ao decodar o METAR: METAR SBGL 290800 2908000Z 30005KT 6000 -RA FEW003 BKN005 BKN030 21/22 Q1017 | Unparsed groups in body '2908000Z' while processing 'METAR SBGL 290800 2908000Z 30005KT 6000 -RA FEW003 BKN005 BKN030 21/22 Q1017'
2012-04-02 13:00:00 | ERRO ao decodar o METAR: METAR SBGL 021300Z 03007KT 9999 05 FEW020 27/21 Q1017 | Unparsed groups in body '05' while processing 'METAR SBGL 021300Z 03007KT 9999 05 FEW020 27/21 Q1017'
2013-03-04 22:20:00 | ERRO ao decodar o METAR: SPECI SBGL 042220Z 35016kt 5000 TSRA SCT020 FEW025CB SCT040 26/21 Q1011 | Unparsed groups in body '35016kt' while processing 'SPECI SBGL 042220Z 35016kt 5000 TSRA SCT020 FEW025CB SCT040 26/21 Q1011'
2013-04-11 15:00:00 | ERRO ao decodar o METAR: METAR SBGL 111500Z 07005KT 9999 FEW020 sct070 28/19 Q1017 | Unparsed groups in body 'sct070' while processing 'METAR SBGL 111500Z 07005KT 9999 FEW020 sct070 28/19 Q1017'
2013-04-13 22:45:00 | ERRO ao decodar o METAR: SPECI SBGL 132245Z 12245Z 24014KT 4500 -RA BKN009 OVC070 25/23 Q1008 | Unparsed groups in body '12245Z' while processing 'SPECI SBGL 132245Z 12245Z 24014KT 4500 -RA BKN009 OVC070 25/23 Q1008'
2013-04-13 23:36:00 | ERRO ao decodar o METAR: SPECI SBGL 132336Z 22016KT 3000 RA SCT020 BNK040 OVC070 23/23 Q1008 | Unparsed groups in body 'BNK040' while processing 'SPECI SBGL 132336Z 22016KT 3000 RA SCT020 BNK040 OVC070 23/23 Q1008'
2013-04-14 12:28:00 | ERRO ao decodar o METAR: SPECI SBGL 141228Z 31006KT 3000 -RA BKN005 BNK011 OVC080 23/21 Q1015 | Unparsed groups in body 'BNK011' while processing 'SPECI SBGL 141228Z 31006KT 3000 -RA BKN005 BNK011 OVC080 23/21 Q1015'
2013-04-14 13:25:00 | ERRO ao decodar o METAR: SPECI SBGL 141325Z 22008KT 1500 R10/1900 R15/P2000 R28/P2000 R33/P2000 RA BKN003 BNK010 OVC080 22/21 Q1015 | Unparsed groups in body 'BNK010' while processing 'SPECI SBGL 141325Z 22008KT 1500 R10/1900 R15/P2000 R28/P2000 R33/P2000 RA BKN003 BNK010 OVC080 22/21 Q1015'
2013-04-14 15:30:00 | ERRO ao decodar o METAR: SPECI SBGL 141530Z 14009KT 1500 R10/1500 R15/P2000 R28/P2000 R33/P2000 +RA BKN003 BNK009 OVC070 21/20 Q1015 | Unparsed groups in body 'BNK009' while processing 'SPECI SBGL 141530Z 14009KT 1500 R10/1500 R15/P2000 R28/P2000 R33/P2000 +RA BKN003 BNK009 OVC070 21/20 Q1015'
2013-06-18 13:00:00 | ERRO ao decodar o METAR: METAR SBGL 181300Z 181300Z 27007KT 9999 BKN025 24/17 Q1019 | Unparsed groups in body '181300Z' while processing 'METAR SBGL 181300Z 181300Z 27007KT 9999 BKN025 24/17 Q1019'
2013-09-28 07:00:00 | ERRO ao decodar o METAR: METAR SBGL 280700Z 36002KT 9999 BKIN040 19/14 Q1019 | Unparsed groups in body 'BKIN040' while processing 'METAR SBGL 280700Z 36002KT 9999 BKIN040 19/14 Q1019'
2014-02-18 06:00:00 | ERRO ao decodar o METAR: METAR SBGL 180600Z 180100Z 13003KT 9999 SCT012 BKN080 23/21 Q1014 | Unparsed groups in body '180100Z' while processing 'METAR SBGL 180600Z 180100Z 13003KT 9999 SCT012 BKN080 23/21 Q1014'
2014-09-16 07:00:00 | ERRO ao decodar o METAR: METAR SBGL 160700Z 1702KT CAVOK 23/18 Q1010 | Unparsed groups in body '1702KT' while processing 'METAR SBGL 160700Z 1702KT CAVOK 23/18 Q1010'
2014-09-18 17:00:00 | ERRO ao decodar o METAR: METAR SBGL 181700Z 04012KT 9999 FEW010 23/21 Q1018 W///S3 | Unparsed groups in body 'W///S3' while processing 'METAR SBGL 181700Z 04012KT 9999 FEW010 23/21 Q1018 W///S3'
2015-12-31 20:18:00 | ERRO ao decodar o METAR: METAR SBGL 312018Z 312999Z 29009KT 9999 VCTS VCSH FEW033 FEW040CB 37/19 Q1006 | Unparsed groups in body '312999Z' while processing 'METAR SBGL 312018Z 312999Z 29009KT 9999 VCTS VCSH FEW033 FEW040CB 37/19 Q1006'
2016-07-11 10:00:00 | ERRO ao decodar o METAR: METAR SBGL 111000Z 01003KT 60000 NSC 18/16 Q1015 | _handleWind failed while processing '60000 NSC 18/16 Q1015 '
	direction must be 0..360: '600.0'
2017-11-18 11:00:00 | ERRO ao decodar o METAR: METAR SBGL 181100Z 05006KT 9999 FEW020 BKN100 27/20 Q1008 WS R 15 | Unparsed groups in body 'WS R 15' while processing 'METAR SBGL 181100Z 05006KT 9999 FEW020 BKN100 27/20 Q1008 WS R 15'
2018-04-23 06:00:00 | ERRO ao decodar o METAR: METAR SBGL 230600Z 230060Z 08004KT CAVOK 22/18 Q1017 | Unparsed groups in body '230060Z' while processing 'METAR SBGL 230600Z 230060Z 08004KT CAVOK 22/18 Q1017'
2019-04-06 07:00:00 | ERRO ao decodar o METAR: METAR SBGL 060700Z 34002KT 9999 FEW030 SCT100 27/22 Q 1010 | Unparsed groups in body 'Q' while processing 'METAR SBGL 060700Z 34002KT 9999 FEW030 SCT100 27/22 Q 1010'
2019-04-06 08:00:00 | ERRO ao decodar o METAR: METAR SBGL 060800Z 32004KT 9999 FEW030 SCT100 26/23 Q 1011 | Unparsed groups in body 'Q' while processing 'METAR SBGL 060800Z 32004KT 9999 FEW030 SCT100 26/23 Q 1011'
2020-06-27 16:00:00 | ERRO ao decodar o METAR: METAR SBGL 271600Z 33012KT 310V370 9999 FEW035 SCT090 28/15 Q1011 | _handleWind failed while processing '33012KT 310V370 9999 FEW035 SCT090 28/15 Q1011 '
	direction must be 0..360: '370.0'
2020-09-16 16:13:00 | ERRO ao decodar o METAR: METAR SBGL 161613Z 1618/1724 14010KT 9999 FEW020 TN21/1709Z TX34/1717Z BECMG 1704/1706 08005KT BECMG 1711/1713 36005KT BECMG 1714/1716 14010KT BECMG 1721/1723 07003KT RMK PHQ | Unparsed groups in body '1618/1724 TN21/1709Z TX34/1717Z 1704/1706 08005KT 1711/1713 36005KT 1714/1716 14010KT 1721/1723 07003KT' while processing 'METAR SBGL 161613Z 1618/1724 14010KT 9999 FEW020 TN21/1709Z TX34/1717Z BECMG 1704/1706 08005KT BECMG 1711/1713 36005KT BECMG 1714/1716 14010KT BECMG 1721/1723 07003KT RMK PHQ'
